src/App.tsx(2,50): error TS2307: Cannot find module '@tanstack/react-query' or its corresponding type declarations.
src/App.tsx(3,46): error TS2307: Cannot find module 'react-router-dom' or its corresponding type declarations.
src/components/Footer.tsx(1,22): error TS2307: Cannot find module 'react-router-dom' or its corresponding type declarations.
src/components/Layout.tsx(1,10): error TS1484: 'ReactNode' is a type and must be imported using a type-only import when 'verbatimModuleSyntax' is enabled.
src/components/Navbar.tsx(2,35): error TS2307: Cannot find module 'react-router-dom' or its corresponding type declarations.
src/components/NavLink.tsx(1,56): error TS2307: Cannot find module 'react-router-dom' or its corresponding type declarations.
src/components/NavLink.tsx(17,31): error TS7031: Binding element 'isActive' implicitly has an 'any' type.
src/components/NavLink.tsx(17,41): error TS7031: Binding element 'isPending' implicitly has an 'any' type.
src/components/ui/calendar.tsx(45,28): error TS6133: '_props' is declared but its value is never read.
src/components/ui/calendar.tsx(46,29): error TS6133: '_props' is declared but its value is never read.
src/components/ui/form.tsx(4,22): error TS1484: 'ControllerProps' is a type and must be imported using a type-only import when 'verbatimModuleSyntax' is enabled.
src/components/ui/form.tsx(4,39): error TS1484: 'FieldPath' is a type and must be imported using a type-only import when 'verbatimModuleSyntax' is enabled.
src/components/ui/form.tsx(4,50): error TS1484: 'FieldValues' is a type and must be imported using a type-only import when 'verbatimModuleSyntax' is enabled.
src/components/ui/pagination.tsx(5,10): error TS1484: 'ButtonProps' is a type and must be imported using a type-only import when 'verbatimModuleSyntax' is enabled.
src/components/ui/resizable.tsx(6,102): error TS2339: Property 'PanelGroup' does not exist on type 'typeof import("D:/mee/my-project/node_modules/react-resizable-panels/dist/react-resizable-panels")'.
src/components/ui/resizable.tsx(7,25): error TS2339: Property 'PanelGroup' does not exist on type 'typeof import("D:/mee/my-project/node_modules/react-resizable-panels/dist/react-resizable-panels")'.
src/components/ui/resizable.tsx(19,51): error TS2339: Property 'PanelResizeHandle' does not exist on type 'typeof import("D:/mee/my-project/node_modules/react-resizable-panels/dist/react-resizable-panels")'.
src/components/ui/resizable.tsx(22,25): error TS2339: Property 'PanelResizeHandle' does not exist on type 'typeof import("D:/mee/my-project/node_modules/react-resizable-panels/dist/react-resizable-panels")'.
src/components/ui/resizable.tsx(34,26): error TS2339: Property 'PanelResizeHandle' does not exist on type 'typeof import("D:/mee/my-project/node_modules/react-resizable-panels/dist/react-resizable-panels")'.
src/components/ui/sidebar.tsx(3,10): error TS1484: 'VariantProps' is a type and must be imported using a type-only import when 'verbatimModuleSyntax' is enabled.
src/pages/Courses.tsx(2,22): error TS2307: Cannot find module 'react-router-dom' or its corresponding type declarations.
src/pages/Home.tsx(1,22): error TS2307: Cannot find module 'react-router-dom' or its corresponding type declarations.
src/pages/Home.tsx(8,48): error TS6133: 'Quote' is declared but its value is never read.
src/pages/NotFound.tsx(1,29): error TS2307: Cannot find module 'react-router-dom' or its corresponding type declarations.
src/pages/Services.tsx(3,22): error TS2307: Cannot find module 'react-router-dom' or its corresponding type declarations.
src/test/example.test.ts(1,38): error TS2307: Cannot find module 'vitest' or its corresponding type declarations.
src/test/setup.ts(1,8): error TS2307: Cannot find module '@testing-library/jest-dom' or its corresponding type declarations.
